
Hello
World
Harshul Nanwani
